# Licensed to Apache Software Foundation (ASF) under one or more contributor
# license agreements. See the NOTICE file distributed with
# this work for additional information regarding copyright
# ownership. Apache Software Foundation (ASF) licenses this file to you under
# the Apache License, Version 2.0 (the "License"); you may
# not use this file except in compliance with the License.
# You may obtain a copy of the License at
#
#     http://www.apache.org/licenses/LICENSE-2.0
#
# Unless required by applicable law or agreed to in writing,
# software distributed under the License is distributed on an
# "AS IS" BASIS, WITHOUT WARRANTIES OR CONDITIONS OF ANY
# KIND, either express or implied.  See the License for the
# specific language governing permissions and limitations
# under the License.

nodes:
  - id: {{ b64enc "User" }}.0
    name: User
    type: USER
    isReal: false
  - id: {{ b64enc "Your_ApplicationName" }}.1
    name: Your_ApplicationName
    type: Tomcat
    isReal: true
  - id: {{ $h2ID := (index .nodes 2).id }}{{ notEmpty $h2ID }}
    name: localhost:-1
    type: H2
    isReal: false
calls:
  - id: {{ notEmpty (index .calls 0).id }}
    source: {{ b64enc "Your_ApplicationName" }}.1
    target: {{ $h2ID }}
    detectPoints:
      - CLIENT
  - id: {{ b64enc "User" }}.0-{{ b64enc "Your_ApplicationName" }}.1
    source: {{ b64enc "User" }}.0
    target: {{ b64enc "Your_ApplicationName" }}.1
    detectPoints:
      - SERVER